82899d09d51f63084e0ede0014ab3d6bdd377443  LICENSE
