c8dc2fee6e17a8063bae8bcaf4cb8d553925d8a29f511fe01b5945b487f4ff99  LICENSE
